---
source: omnibor-cli/tests/test.rs
info:
  program: omnibor
  args: []
---
success: false
exit_code: 2
----- stdout -----

----- stderr -----
CLI for working with OmniBOR Identifiers and Manifests

Usage: omnibor [OPTIONS] <COMMAND>

Commands:
  id        Create identifiers and find artifacts by identifier
  manifest  Create Input Manifests
  store     Manage the Store, where manifests are recorded
  debug     Debug the OmniBOR CLI
  help      Print this message or the help of the given subcommand(s)

Options:
  -f, --format <FORMAT>  Output format [env: OMNIBOR_FORMAT=] [possible values: plain, short, json]
  -d, --dir <DIR>        Directory to store manifests [env: OMNIBOR_DIR=]
  -c, --config <CONFIG>  Path to a configuration file [env: OMNIBOR_CONFIG=]
  -D, --debug-console    Turn on 'tokio-console' debug integration [env: OMNIBOR_DEBUG_CONSOLE=]
  -v, --verbose...       Increase logging verbosity
  -q, --quiet...         Decrease logging verbosity
  -h, --help             Print help (see more with '--help')
  -V, --version          Print version
